INFO:root:This is my very first code for logging
INFO:root:This is my very first code for logging
INFO:root:2
INFO:root:This is my very first code for logging
INFO:root:[1, 2, 3, 4, 5, 6, 7, 8, 9, 10, 11]
INFO:root:This is my very first code for logging
INFO:root:This is my very first code for logging
INFO:root:This is my very first code for logging
INFO:root:This is my very first code for logging
WARNING:root:This will try to load a warning message
INFO:root:2
INFO:root:This is my very first code for logging
WARNING:root:This will try to load a warning message
INFO:root:2
WARNING:root:This is warning for a user that they have found out 2 in list
INFO:root:This is my very first code for logging
WARNING:root:This will try to load a warning message
INFO:root:2
WARNING:root:This is warning for a user that they have found out 2 in list
INFO:root:This is my very first code for logging
WARNING:root:This will try to load a warning message
ERROR:root:This is a error message from system
INFO:root:2
WARNING:root:This is warning for a user that they have found out 2 in list
INFO:root:This is my very first code for logging
WARNING:root:This will try to load a warning message
ERROR:root:This is a error message from system
INFO:root:2
WARNING:root:This is warning for a user that they have found out 2 in list
INFO:root:This is my very first code for logging
WARNING:root:This will try to load a warning message
ERROR:root:This is a error message from system
INFO:root:2
WARNING:root:This is warning for a user that they have found out 2 in list
INFO:root:This is my very first code for logging
WARNING:root:This will try to load a warning message
ERROR:root:This is a error message from system
INFO:root:2
WARNING:root:This is warning for a user that they have found out 2 in list
INFO:root:This is my very first code for logging
WARNING:root:This will try to load a warning message
ERROR:root:This is a error message from system
INFO:root:2
WARNING:root:This is warning for a user that they have found out 2 in list
INFO:root:This is my very first code for logging
WARNING:root:This will try to load a warning message
ERROR:root:This is a error message from system
INFO:root:2
WARNING:root:This is warning for a user that they have found out 2 in list
INFO:root:This is my very first code for logging
WARNING:root:This will try to load a warning message
ERROR:root:This is a error message from system
INFO:root:2
WARNING:root:This is warning for a user that they have found out 2 in list
INFO:root:This is my very first code for logging
WARNING:root:This will try to load a warning message
ERROR:root:This is a error message from system
INFO:root:2
WARNING:root:This is warning for a user that they have found out 2 in list
